Archive member included to satisfy reference by file (symbol)

c:/program files (x86)/atmel/studio/7.0/toolchain/avr8/avr8-gnu-toolchain/bin/../lib/gcc/avr/5.4.0/avr51\libgcc.a(_divmodhi4.o)
                              main.o (__divmodhi4)
c:/program files (x86)/atmel/studio/7.0/toolchain/avr8/avr8-gnu-toolchain/bin/../lib/gcc/avr/5.4.0/avr51\libgcc.a(_exit.o)
                              C:/Program Files (x86)/Atmel/Studio/7.0/Packs/atmel/ATmega_DFP/1.2.132/gcc/dev/atmega1284/avr51/crtatmega1284.o (exit)
c:/program files (x86)/atmel/studio/7.0/toolchain/avr8/avr8-gnu-toolchain/bin/../lib/gcc/avr/5.4.0/avr51\libgcc.a(_tablejump2.o)
                              main.o (__tablejump2__)
c:/program files (x86)/atmel/studio/7.0/toolchain/avr8/avr8-gnu-toolchain/bin/../lib/gcc/avr/5.4.0/avr51\libgcc.a(_copy_data.o)
                              main.o (__do_copy_data)
c:/program files (x86)/atmel/studio/7.0/toolchain/avr8/avr8-gnu-toolchain/bin/../lib/gcc/avr/5.4.0/avr51\libgcc.a(_clear_bss.o)
                              croutine.o (__do_clear_bss)
c:/program files (x86)/atmel/studio/7.0/toolchain/avr8/avr8-gnu-toolchain/bin/../lib/gcc/avr/5.4.0/avr51\libgcc.a(_udivmodhi4.o)
                              c:/program files (x86)/atmel/studio/7.0/toolchain/avr8/avr8-gnu-toolchain/bin/../lib/gcc/avr/5.4.0/avr51\libgcc.a(_divmodhi4.o) (__udivmodhi4)
c:/program files (x86)/atmel/studio/7.0/toolchain/avr8/avr8-gnu-toolchain/bin/../lib/gcc/avr/5.4.0/../../../../avr/lib/avr51\libc.a(rand.o)
                              main.o (rand)
c:/program files (x86)/atmel/studio/7.0/toolchain/avr8/avr8-gnu-toolchain/bin/../lib/gcc/avr/5.4.0/../../../../avr/lib/avr51\libc.a(memcpy.o)
                              queue.o (memcpy)
c:/program files (x86)/atmel/studio/7.0/toolchain/avr8/avr8-gnu-toolchain/bin/../lib/gcc/avr/5.4.0/../../../../avr/lib/avr51\libc.a(memset.o)
                              tasks.o (memset)
c:/program files (x86)/atmel/studio/7.0/toolchain/avr8/avr8-gnu-toolchain/bin/../lib/gcc/avr/5.4.0/../../../../avr/lib/avr51\libc.a(strncpy.o)
                              tasks.o (strncpy)
C:/Program Files (x86)/Atmel/Studio/7.0/Packs/atmel/ATmega_DFP/1.2.132/gcc/dev/atmega1284/avr51\libatmega1284.a(eerd_byte.o)
                              main.o (eeprom_read_byte)
C:/Program Files (x86)/Atmel/Studio/7.0/Packs/atmel/ATmega_DFP/1.2.132/gcc/dev/atmega1284/avr51\libatmega1284.a(eewr_byte.o)
                              main.o (eeprom_write_byte)
c:/program files (x86)/atmel/studio/7.0/toolchain/avr8/avr8-gnu-toolchain/bin/../lib/gcc/avr/5.4.0/avr51\libgcc.a(_divmodsi4.o)
                              c:/program files (x86)/atmel/studio/7.0/toolchain/avr8/avr8-gnu-toolchain/bin/../lib/gcc/avr/5.4.0/../../../../avr/lib/avr51\libc.a(rand.o) (__divmodsi4)
c:/program files (x86)/atmel/studio/7.0/toolchain/avr8/avr8-gnu-toolchain/bin/../lib/gcc/avr/5.4.0/avr51\libgcc.a(_negsi2.o)
                              c:/program files (x86)/atmel/studio/7.0/toolchain/avr8/avr8-gnu-toolchain/bin/../lib/gcc/avr/5.4.0/avr51\libgcc.a(_divmodsi4.o) (__negsi2)
c:/program files (x86)/atmel/studio/7.0/toolchain/avr8/avr8-gnu-toolchain/bin/../lib/gcc/avr/5.4.0/avr51\libgcc.a(_muluhisi3.o)
                              c:/program files (x86)/atmel/studio/7.0/toolchain/avr8/avr8-gnu-toolchain/bin/../lib/gcc/avr/5.4.0/../../../../avr/lib/avr51\libc.a(rand.o) (__muluhisi3)
c:/program files (x86)/atmel/studio/7.0/toolchain/avr8/avr8-gnu-toolchain/bin/../lib/gcc/avr/5.4.0/avr51\libgcc.a(_mulshisi3.o)
                              c:/program files (x86)/atmel/studio/7.0/toolchain/avr8/avr8-gnu-toolchain/bin/../lib/gcc/avr/5.4.0/../../../../avr/lib/avr51\libc.a(rand.o) (__mulohisi3)
c:/program files (x86)/atmel/studio/7.0/toolchain/avr8/avr8-gnu-toolchain/bin/../lib/gcc/avr/5.4.0/avr51\libgcc.a(_udivmodsi4.o)
                              c:/program files (x86)/atmel/studio/7.0/toolchain/avr8/avr8-gnu-toolchain/bin/../lib/gcc/avr/5.4.0/avr51\libgcc.a(_divmodsi4.o) (__udivmodsi4)
c:/program files (x86)/atmel/studio/7.0/toolchain/avr8/avr8-gnu-toolchain/bin/../lib/gcc/avr/5.4.0/avr51\libgcc.a(_umulhisi3.o)
                              c:/program files (x86)/atmel/studio/7.0/toolchain/avr8/avr8-gnu-toolchain/bin/../lib/gcc/avr/5.4.0/avr51\libgcc.a(_muluhisi3.o) (__umulhisi3)

Allocating common symbols
Common symbol       size              file

rec_state           0x1               main.o
matrix_state        0x1               main.o
trans_state         0x1               main.o
menu_state          0x1               main.o
temp_state          0x1               main.o
sense_state         0x1               main.o
buzzer_state        0x1               main.o

Discarded input sections

 .data          0x00000000        0x0 C:/Program Files (x86)/Atmel/Studio/7.0/Packs/atmel/ATmega_DFP/1.2.132/gcc/dev/atmega1284/avr51/crtatmega1284.o
 .bss           0x00000000        0x0 C:/Program Files (x86)/Atmel/Studio/7.0/Packs/atmel/ATmega_DFP/1.2.132/gcc/dev/atmega1284/avr51/crtatmega1284.o
 .text          0x00000000        0x0 croutine.o
 .data          0x00000000        0x0 croutine.o
 .bss           0x00000000        0x0 croutine.o
 .text.xCoRoutineCreate
                0x00000000       0xf0 croutine.o
 .text.vCoRoutineAddToDelayedList
                0x00000000       0x86 croutine.o
 .text.vCoRoutineSchedule
                0x00000000      0x274 croutine.o
 .text.xCoRoutineRemoveFromEventList
                0x00000000       0x4a croutine.o
 .bss.xPassedTicks
                0x00000000        0x2 croutine.o
 .bss.xLastTickCount
                0x00000000        0x2 croutine.o
 .bss.xCoRoutineTickCount
                0x00000000        0x2 croutine.o
 .bss.uxTopCoRoutineReadyPriority
                0x00000000        0x1 croutine.o
 .bss.pxCurrentCoRoutine
                0x00000000        0x2 croutine.o
 .bss.xPendingReadyCoRoutineList
                0x00000000        0x9 croutine.o
 .bss.pxOverflowDelayedCoRoutineList
                0x00000000        0x2 croutine.o
 .bss.pxDelayedCoRoutineList
                0x00000000        0x2 croutine.o
 .bss.xDelayedCoRoutineList2
                0x00000000        0x9 croutine.o
 .bss.xDelayedCoRoutineList1
                0x00000000        0x9 croutine.o
 .bss.pxReadyCoRoutineLists
                0x00000000       0x12 croutine.o
 .debug_info    0x00000000      0x778 croutine.o
 .debug_abbrev  0x00000000      0x220 croutine.o
 .debug_loc     0x00000000      0x3eb croutine.o
 .debug_aranges
                0x00000000       0x38 croutine.o
 .debug_ranges  0x00000000       0x28 croutine.o
 .debug_line    0x00000000      0x36b croutine.o
 .debug_str     0x00000000      0x582 croutine.o
 .comment       0x00000000       0x31 croutine.o
 .debug_frame   0x00000000       0xc0 croutine.o
 .text          0x00000000        0x0 heap_1.o
 .data          0x00000000        0x0 heap_1.o
 .bss           0x00000000        0x0 heap_1.o
 .text.vPortInitialiseBlocks
                0x00000000        0xa heap_1.o
 .text.xPortGetFreeHeapSize
                0x00000000       0x12 heap_1.o
 .text          0x00000000        0x0 list.o
 .data          0x00000000        0x0 list.o
 .bss           0x00000000        0x0 list.o
 .text          0x00000000        0x0 main.o
 .data          0x00000000        0x0 main.o
 .bss           0x00000000        0x0 main.o
 .text.USART_IsSendReady
                0x00000000       0x14 main.o
 .text.USART_HasTransmitted
                0x00000000       0x14 main.o
 .text.USART_HasReceived
                0x00000000       0x14 main.o
 .text.SetBit   0x00000000       0x2a main.o
 .text.GetBit   0x00000000       0x10 main.o
 .text.TRANS_Init
                0x00000000        0x6 main.o
 .text.REC_Init
                0x00000000        0x6 main.o
 .text.Temp_Init
                0x00000000        0x6 main.o
 .text.Temp_Tick
                0x00000000       0x5c main.o
 .text.TempSecTask
                0x00000000       0x12 main.o
 .text.TempSecPulse
                0x00000000       0x40 main.o
 .text.Menu_Init
                0x00000000        0x6 main.o
 .text.sense_Init
                0x00000000        0x8 main.o
 .text.matrix_Init
                0x00000000        0x6 main.o
 .text.buzz_Init
                0x00000000        0x6 main.o
 .bss.in_main_menu
                0x00000000        0x1 main.o
 .data.random_pass_LCD_data
                0x00000000       0x20 main.o
 .data.new_pass_enter_LCD_data
                0x00000000       0x20 main.o
 .data.pass_enter_LCD_data
                0x00000000       0x20 main.o
 .data.arm_LCD_data
                0x00000000       0x20 main.o
 .text          0x00000000        0x0 port.o
 .data          0x00000000        0x0 port.o
 .bss           0x00000000        0x0 port.o
 .text.vPortEndScheduler
                0x00000000        0x2 port.o
 .text          0x00000000        0x0 queue.o
 .data          0x00000000        0x0 queue.o
 .bss           0x00000000        0x0 queue.o
 .text.prvCopyDataToQueue
                0x00000000       0x82 queue.o
 .text.prvCopyDataFromQueue
                0x00000000       0x34 queue.o
 .text.prvUnlockQueue
                0x00000000       0x94 queue.o
 .text.xQueueGenericReset
                0x00000000       0x78 queue.o
 .text.xQueueGenericCreate
                0x00000000       0x5c queue.o
 .text.xQueueGenericSend
                0x00000000      0x134 queue.o
 .text.xQueueGenericSendFromISR
                0x00000000       0x58 queue.o
 .text.xQueueGenericReceive
                0x00000000      0x158 queue.o
 .text.xQueueReceiveFromISR
                0x00000000       0x5a queue.o
 .text.uxQueueMessagesWaiting
                0x00000000       0x10 queue.o
 .text.uxQueueMessagesWaitingFromISR
                0x00000000        0x6 queue.o
 .text.vQueueDelete
                0x00000000       0x1a queue.o
 .text.xQueueIsQueueEmptyFromISR
                0x00000000        0xc queue.o
 .text.xQueueIsQueueFullFromISR
                0x00000000        0xe queue.o
 .text.xQueueCRSend
                0x00000000       0x74 queue.o
 .text.xQueueCRReceive
                0x00000000       0x94 queue.o
 .text.xQueueCRSendFromISR
                0x00000000       0x48 queue.o
 .text.xQueueCRReceiveFromISR
                0x00000000       0x82 queue.o
 .debug_info    0x00000000      0xf7e queue.o
 .debug_abbrev  0x00000000      0x1f2 queue.o
 .debug_loc     0x00000000     0x12e4 queue.o
 .debug_aranges
                0x00000000       0xa8 queue.o
 .debug_ranges  0x00000000       0x98 queue.o
 .debug_line    0x00000000      0x8f4 queue.o
 .debug_str     0x00000000      0x71d queue.o
 .comment       0x00000000       0x31 queue.o
 .debug_frame   0x00000000      0x268 queue.o
 .text          0x00000000        0x0 tasks.o
 .data          0x00000000        0x0 tasks.o
 .bss           0x00000000        0x0 tasks.o
 .text.vTaskDelete
                0x00000000       0x92 tasks.o
 .text.vTaskEndScheduler
                0x00000000        0xc tasks.o
 .text.xTaskGetTickCount
                0x00000000       0x14 tasks.o
 .text.xTaskGetTickCountFromISR
                0x00000000        0xa tasks.o
 .text.uxTaskGetNumberOfTasks
                0x00000000        0x6 tasks.o
 .text.vTaskDelayUntil
                0x00000000       0x94 tasks.o
 .text.vTaskPlaceOnEventList
                0x00000000       0x3a tasks.o
 .text.xTaskRemoveFromEventList
                0x00000000       0x8a tasks.o
 .text.vTaskSetTimeOutState
                0x00000000       0x16 tasks.o
 .text.xTaskCheckForTimeOut
                0x00000000       0x6e tasks.o
 .text.vTaskMissedYield
                0x00000000        0x8 tasks.o
 .text          0x00000000        0x0 timers.o
 .data          0x00000000        0x0 timers.o
 .bss           0x00000000        0x0 timers.o
 .debug_info    0x00000000       0x6b timers.o
 .debug_abbrev  0x00000000       0x26 timers.o
 .debug_aranges
                0x00000000       0x18 timers.o
 .debug_line    0x00000000       0x1a timers.o
 .debug_str     0x00000000      0x1d8 timers.o
 .comment       0x00000000       0x31 timers.o
 .text          0x00000000        0x0 c:/program files (x86)/atmel/studio/7.0/toolchain/avr8/avr8-gnu-toolchain/bin/../lib/gcc/avr/5.4.0/avr51\libgcc.a(_divmodhi4.o)
 .data          0x00000000        0x0 c:/program files (x86)/atmel/studio/7.0/toolchain/avr8/avr8-gnu-toolchain/bin/../lib/gcc/avr/5.4.0/avr51\libgcc.a(_divmodhi4.o)
 .bss           0x00000000        0x0 c:/program files (x86)/atmel/studio/7.0/toolchain/avr8/avr8-gnu-toolchain/bin/../lib/gcc/avr/5.4.0/avr51\libgcc.a(_divmodhi4.o)
 .text.libgcc.mul
                0x00000000        0x0 c:/program files (x86)/atmel/studio/7.0/toolchain/avr8/avr8-gnu-toolchain/bin/../lib/gcc/avr/5.4.0/avr51\libgcc.a(_divmodhi4.o)
 .text.libgcc   0x00000000        0x0 c:/program files (x86)/atmel/studio/7.0/toolchain/avr8/avr8-gnu-toolchain/bin/../lib/gcc/avr/5.4.0/avr51\libgcc.a(_divmodhi4.o)
 .text.libgcc.prologue
                0x00000000        0x0 c:/program files (x86)/atmel/studio/7.0/toolchain/avr8/avr8-gnu-toolchain/bin/../lib/gcc/avr/5.4.0/avr51\libgcc.a(_divmodhi4.o)
 .text.libgcc.builtins
                0x00000000        0x0 c:/program files (x86)/atmel/studio/7.0/toolchain/avr8/avr8-gnu-toolchain/bin/../lib/gcc/avr/5.4.0/avr51\libgcc.a(_divmodhi4.o)
 .text.libgcc.fmul
                0x00000000        0x0 c:/program files (x86)/atmel/studio/7.0/toolchain/avr8/avr8-gnu-toolchain/bin/../lib/gcc/avr/5.4.0/avr51\libgcc.a(_divmodhi4.o)
 .text.libgcc.fixed
                0x00000000        0x0 c:/program files (x86)/atmel/studio/7.0/toolchain/avr8/avr8-gnu-toolchain/bin/../lib/gcc/avr/5.4.0/avr51\libgcc.a(_divmodhi4.o)
 .text          0x00000000        0x0 c:/program files (x86)/atmel/studio/7.0/toolchain/avr8/avr8-gnu-toolchain/bin/../lib/gcc/avr/5.4.0/avr51\libgcc.a(_exit.o)
 .data          0x00000000        0x0 c:/program files (x86)/atmel/studio/7.0/toolchain/avr8/avr8-gnu-toolchain/bin/../lib/gcc/avr/5.4.0/avr51\libgcc.a(_exit.o)
 .bss           0x00000000        0x0 c:/program files (x86)/atmel/studio/7.0/toolchain/avr8/avr8-gnu-toolchain/bin/../lib/gcc/avr/5.4.0/avr51\libgcc.a(_exit.o)
 .text.libgcc.mul
                0x00000000        0x0 c:/program files (x86)/atmel/studio/7.0/toolchain/avr8/avr8-gnu-toolchain/bin/../lib/gcc/avr/5.4.0/avr51\libgcc.a(_exit.o)
 .text.libgcc.div
                0x00000000        0x0 c:/program files (x86)/atmel/studio/7.0/toolchain/avr8/avr8-gnu-toolchain/bin/../lib/gcc/avr/5.4.0/avr51\libgcc.a(_exit.o)
 .text.libgcc   0x00000000        0x0 c:/program files (x86)/atmel/studio/7.0/toolchain/avr8/avr8-gnu-toolchain/bin/../lib/gcc/avr/5.4.0/avr51\libgcc.a(_exit.o)
 .text.libgcc.prologue
                0x00000000        0x0 c:/program files (x86)/atmel/studio/7.0/toolchain/avr8/avr8-gnu-toolchain/bin/../lib/gcc/avr/5.4.0/avr51\libgcc.a(_exit.o)
 .text.libgcc.builtins
                0x00000000        0x0 c:/program files (x86)/atmel/studio/7.0/toolchain/avr8/avr8-gnu-toolchain/bin/../lib/gcc/avr/5.4.0/avr51\libgcc.a(_exit.o)
 .text.libgcc.fmul
                0x00000000        0x0 c:/program files (x86)/atmel/studio/7.0/toolchain/avr8/avr8-gnu-toolchain/bin/../lib/gcc/avr/5.4.0/avr51\libgcc.a(_exit.o)
 .text.libgcc.fixed
                0x00000000        0x0 c:/program files (x86)/atmel/studio/7.0/toolchain/avr8/avr8-gnu-toolchain/bin/../lib/gcc/avr/5.4.0/avr51\libgcc.a(_exit.o)
 .text          0x00000000        0x0 c:/program files (x86)/atmel/studio/7.0/toolchain/avr8/avr8-gnu-toolchain/bin/../lib/gcc/avr/5.4.0/avr51\libgcc.a(_tablejump2.o)
 .data          0x00000000        0x0 c:/program files (x86)/atmel/studio/7.0/toolchain/avr8/avr8-gnu-toolchain/bin/../lib/gcc/avr/5.4.0/avr51\libgcc.a(_tablejump2.o)
 .bss           0x00000000        0x0 c:/program files (x86)/atmel/studio/7.0/toolchain/avr8/avr8-gnu-toolchain/bin/../lib/gcc/avr/5.4.0/avr51\libgcc.a(_tablejump2.o)
 .text.libgcc.mul
                0x00000000        0x0 c:/program files (x86)/atmel/studio/7.0/toolchain/avr8/avr8-gnu-toolchain/bin/../lib/gcc/avr/5.4.0/avr51\libgcc.a(_tablejump2.o)
 .text.libgcc.div
                0x00000000        0x0 c:/program files (x86)/atmel/studio/7.0/toolchain/avr8/avr8-gnu-toolchain/bin/../lib/gcc/avr/5.4.0/avr51\libgcc.a(_tablejump2.o)
 .text.libgcc.prologue
                0x00000000        0x0 c:/program files (x86)/atmel/studio/7.0/toolchain/avr8/avr8-gnu-toolchain/bin/../lib/gcc/avr/5.4.0/avr51\libgcc.a(_tablejump2.o)
 .text.libgcc.builtins
                0x00000000        0x0 c:/program files (x86)/atmel/studio/7.0/toolchain/avr8/avr8-gnu-toolchain/bin/../lib/gcc/avr/5.4.0/avr51\libgcc.a(_tablejump2.o)
 .text.libgcc.fmul
                0x00000000        0x0 c:/program files (x86)/atmel/studio/7.0/toolchain/avr8/avr8-gnu-toolchain/bin/../lib/gcc/avr/5.4.0/avr51\libgcc.a(_tablejump2.o)
 .text.libgcc.fixed
                0x00000000        0x0 c:/program files (x86)/atmel/studio/7.0/toolchain/avr8/avr8-gnu-toolchain/bin/../lib/gcc/avr/5.4.0/avr51\libgcc.a(_tablejump2.o)
 .text          0x00000000        0x0 c:/program files (x86)/atmel/studio/7.0/toolchain/avr8/avr8-gnu-toolchain/bin/../lib/gcc/avr/5.4.0/avr51\libgcc.a(_copy_data.o)
 .data          0x00000000        0x0 c:/program files (x86)/atmel/studio/7.0/toolchain/avr8/avr8-gnu-toolchain/bin/../lib/gcc/avr/5.4.0/avr51\libgcc.a(_copy_data.o)
 .bss           0x00000000        0x0 c:/program files (x86)/atmel/studio/7.0/toolchain/avr8/avr8-gnu-toolchain/bin/../lib/gcc/avr/5.4.0/avr51\libgcc.a(_copy_data.o)
 .text.libgcc.mul
                0x00000000        0x0 c:/program files (x86)/atmel/studio/7.0/toolchain/avr8/avr8-gnu-toolchain/bin/../lib/gcc/avr/5.4.0/avr51\libgcc.a(_copy_data.o)
 .text.libgcc.div
                0x00000000        0x0 c:/program files (x86)/atmel/studio/7.0/toolchain/avr8/avr8-gnu-toolchain/bin/../lib/gcc/avr/5.4.0/avr51\libgcc.a(_copy_data.o)
 .text.libgcc   0x00000000        0x0 c:/program files (x86)/atmel/studio/7.0/toolchain/avr8/avr8-gnu-toolchain/bin/../lib/gcc/avr/5.4.0/avr51\libgcc.a(_copy_data.o)
 .text.libgcc.prologue
                0x00000000        0x0 c:/program files (x86)/atmel/studio/7.0/toolchain/avr8/avr8-gnu-toolchain/bin/../lib/gcc/avr/5.4.0/avr51\libgcc.a(_copy_data.o)
 .text.libgcc.builtins
                0x00000000        0x0 c:/program files (x86)/atmel/studio/7.0/toolchain/avr8/avr8-gnu-toolchain/bin/../lib/gcc/avr/5.4.0/avr51\libgcc.a(_copy_data.o)
 .text.libgcc.fmul
                0x00000000        0x0 c:/program files (x86)/atmel/studio/7.0/toolchain/avr8/avr8-gnu-toolchain/bin/../lib/gcc/avr/5.4.0/avr51\libgcc.a(_copy_data.o)
 .text.libgcc.fixed
                0x00000000        0x0 c:/program files (x86)/atmel/studio/7.0/toolchain/avr8/avr8-gnu-toolchain/bin/../lib/gcc/avr/5.4.0/avr51\libgcc.a(_copy_data.o)
 .text          0x00000000        0x0 c:/program files (x86)/atmel/studio/7.0/toolchain/avr8/avr8-gnu-toolchain/bin/../lib/gcc/avr/5.4.0/avr51\libgcc.a(_clear_bss.o)
 .data          0x00000000        0x0 c:/program files (x86)/atmel/studio/7.0/toolchain/avr8/avr8-gnu-toolchain/bin/../lib/gcc/avr/5.4.0/avr51\libgcc.a(_clear_bss.o)
 .bss           0x00000000        0x0 c:/program files (x86)/atmel/studio/7.0/toolchain/avr8/avr8-gnu-toolchain/bin/../lib/gcc/avr/5.4.0/avr51\libgcc.a(_clear_bss.o)
 .text.libgcc.mul
                0x00000000        0x0 c:/program files (x86)/atmel/studio/7.0/toolchain/avr8/avr8-gnu-toolchain/bin/../lib/gcc/avr/5.4.0/avr51\libgcc.a(_clear_bss.o)
 .text.libgcc.div
                0x00000000        0x0 c:/program files (x86)/atmel/studio/7.0/toolchain/avr8/avr8-gnu-toolchain/bin/../lib/gcc/avr/5.4.0/avr51\libgcc.a(_clear_bss.o)
 .text.libgcc   0x00000000        0x0 c:/program files (x86)/atmel/studio/7.0/toolchain/avr8/avr8-gnu-toolchain/bin/../lib/gcc/avr/5.4.0/avr51\libgcc.a(_clear_bss.o)
 .text.libgcc.prologue
                0x00000000        0x0 c:/program files (x86)/atmel/studio/7.0/toolchain/avr8/avr8-gnu-toolchain/bin/../lib/gcc/avr/5.4.0/avr51\libgcc.a(_clear_bss.o)
 .text.libgcc.builtins
                0x00000000        0x0 c:/program files (x86)/atmel/studio/7.0/toolchain/avr8/avr8-gnu-toolchain/bin/../lib/gcc/avr/5.4.0/avr51\libgcc.a(_clear_bss.o)
 .text.libgcc.fmul
                0x00000000        0x0 c:/program files (x86)/atmel/studio/7.0/toolchain/avr8/avr8-gnu-toolchain/bin/../lib/gcc/avr/5.4.0/avr51\libgcc.a(_clear_bss.o)
 .text.libgcc.fixed
                0x00000000        0x0 c:/program files (x86)/atmel/studio/7.0/toolchain/avr8/avr8-gnu-toolchain/bin/../lib/gcc/avr/5.4.0/avr51\libgcc.a(_clear_bss.o)
 .text          0x00000000        0x0 c:/program files (x86)/atmel/studio/7.0/toolchain/avr8/avr8-gnu-toolchain/bin/../lib/gcc/avr/5.4.0/avr51\libgcc.a(_udivmodhi4.o)
 .data          0x00000000        0x0 c:/program files (x86)/atmel/studio/7.0/toolchain/avr8/avr8-gnu-toolchain/bin/../lib/gcc/avr/5.4.0/avr51\libgcc.a(_udivmodhi4.o)
 .bss           0x00000000        0x0 c:/program files (x86)/atmel/studio/7.0/toolchain/avr8/avr8-gnu-toolchain/bin/../lib/gcc/avr/5.4.0/avr51\libgcc.a(_udivmodhi4.o)
 .text.libgcc.mul
                0x00000000        0x0 c:/program files (x86)/atmel/studio/7.0/toolchain/avr8/avr8-gnu-toolchain/bin/../lib/gcc/avr/5.4.0/avr51\libgcc.a(_udivmodhi4.o)
 .text.libgcc   0x00000000        0x0 c:/program files (x86)/atmel/studio/7.0/toolchain/avr8/avr8-gnu-toolchain/bin/../lib/gcc/avr/5.4.0/avr51\libgcc.a(_udivmodhi4.o)
 .text.libgcc.prologue
                0x00000000        0x0 c:/program files (x86)/atmel/studio/7.0/toolchain/avr8/avr8-gnu-toolchain/bin/../lib/gcc/avr/5.4.0/avr51\libgcc.a(_udivmodhi4.o)
 .text.libgcc.builtins
                0x00000000        0x0 c:/program files (x86)/atmel/studio/7.0/toolchain/avr8/avr8-gnu-toolchain/bin/../lib/gcc/avr/5.4.0/avr51\libgcc.a(_udivmodhi4.o)
 .text.libgcc.fmul
                0x00000000        0x0 c:/program files (x86)/atmel/studio/7.0/toolchain/avr8/avr8-gnu-toolchain/bin/../lib/gcc/avr/5.4.0/avr51\libgcc.a(_udivmodhi4.o)
 .text.libgcc.fixed
                0x00000000        0x0 c:/program files (x86)/atmel/studio/7.0/toolchain/avr8/avr8-gnu-toolchain/bin/../lib/gcc/avr/5.4.0/avr51\libgcc.a(_udivmodhi4.o)
 .text          0x00000000        0x0 c:/program files (x86)/atmel/studio/7.0/toolchain/avr8/avr8-gnu-toolchain/bin/../lib/gcc/avr/5.4.0/../../../../avr/lib/avr51\libc.a(rand.o)
 .bss           0x00000000        0x0 c:/program files (x86)/atmel/studio/7.0/toolchain/avr8/avr8-gnu-toolchain/bin/../lib/gcc/avr/5.4.0/../../../../avr/lib/avr51\libc.a(rand.o)
 .text          0x00000000        0x0 c:/program files (x86)/atmel/studio/7.0/toolchain/avr8/avr8-gnu-toolchain/bin/../lib/gcc/avr/5.4.0/../../../../avr/lib/avr51\libc.a(memcpy.o)
 .data          0x00000000        0x0 c:/program files (x86)/atmel/studio/7.0/toolchain/avr8/avr8-gnu-toolchain/bin/../lib/gcc/avr/5.4.0/../../../../avr/lib/avr51\libc.a(memcpy.o)
 .bss           0x00000000        0x0 c:/program files (x86)/atmel/studio/7.0/toolchain/avr8/avr8-gnu-toolchain/bin/../lib/gcc/avr/5.4.0/../../../../avr/lib/avr51\libc.a(memcpy.o)
 .text.avr-libc
                0x00000000       0x12 c:/program files (x86)/atmel/studio/7.0/toolchain/avr8/avr8-gnu-toolchain/bin/../lib/gcc/avr/5.4.0/../../../../avr/lib/avr51\libc.a(memcpy.o)
 .text          0x00000000        0x0 c:/program files (x86)/atmel/studio/7.0/toolchain/avr8/avr8-gnu-toolchain/bin/../lib/gcc/avr/5.4.0/../../../../avr/lib/avr51\libc.a(memset.o)
 .data          0x00000000        0x0 c:/program files (x86)/atmel/studio/7.0/toolchain/avr8/avr8-gnu-toolchain/bin/../lib/gcc/avr/5.4.0/../../../../avr/lib/avr51\libc.a(memset.o)
 .bss           0x00000000        0x0 c:/program files (x86)/atmel/studio/7.0/toolchain/avr8/avr8-gnu-toolchain/bin/../lib/gcc/avr/5.4.0/../../../../avr/lib/avr51\libc.a(memset.o)
 .text          0x00000000        0x0 c:/program files (x86)/atmel/studio/7.0/toolchain/avr8/avr8-gnu-toolchain/bin/../lib/gcc/avr/5.4.0/../../../../avr/lib/avr51\libc.a(strncpy.o)
 .data          0x00000000        0x0 c:/program files (x86)/atmel/studio/7.0/toolchain/avr8/avr8-gnu-toolchain/bin/../lib/gcc/avr/5.4.0/../../../../avr/lib/avr51\libc.a(strncpy.o)
 .bss           0x00000000        0x0 c:/program files (x86)/atmel/studio/7.0/toolchain/avr8/avr8-gnu-toolchain/bin/../lib/gcc/avr/5.4.0/../../../../avr/lib/avr51\libc.a(strncpy.o)
 .text          0x00000000        0x0 C:/Program Files (x86)/Atmel/Studio/7.0/Packs/atmel/ATmega_DFP/1.2.132/gcc/dev/atmega1284/avr51\libatmega1284.a(eerd_byte.o)
 .data          0x00000000        0x0 C:/Program Files (x86)/Atmel/Studio/7.0/Packs/atmel/ATmega_DFP/1.2.132/gcc/dev/atmega1284/avr51\libatmega1284.a(eerd_byte.o)
 .bss           0x00000000        0x0 C:/Program Files (x86)/Atmel/Studio/7.0/Packs/atmel/ATmega_DFP/1.2.132/gcc/dev/atmega1284/avr51\libatmega1284.a(eerd_byte.o)
 .text          0x00000000        0x0 C:/Program Files (x86)/Atmel/Studio/7.0/Packs/atmel/ATmega_DFP/1.2.132/gcc/dev/atmega1284/avr51\libatmega1284.a(eewr_byte.o)
 .data          0x00000000        0x0 C:/Program Files (x86)/Atmel/Studio/7.0/Packs/atmel/ATmega_DFP/1.2.132/gcc/dev/atmega1284/avr51\libatmega1284.a(eewr_byte.o)
 .bss           0x00000000        0x0 C:/Program Files (x86)/Atmel/Studio/7.0/Packs/atmel/ATmega_DFP/1.2.132/gcc/dev/atmega1284/avr51\libatmega1284.a(eewr_byte.o)
 .text          0x00000000        0x0 c:/program files (x86)/atmel/studio/7.0/toolchain/avr8/avr8-gnu-toolchain/bin/../lib/gcc/avr/5.4.0/avr51\libgcc.a(_divmodsi4.o)
 .data          0x00000000        0x0 c:/program files (x86)/atmel/studio/7.0/toolchain/avr8/avr8-gnu-toolchain/bin/../lib/gcc/avr/5.4.0/avr51\libgcc.a(_divmodsi4.o)
 .bss           0x00000000        0x0 c:/program files (x86)/atmel/studio/7.0/toolchain/avr8/avr8-gnu-toolchain/bin/../lib/gcc/avr/5.4.0/avr51\libgcc.a(_divmodsi4.o)
 .text.libgcc.mul
                0x00000000        0x0 c:/program files (x86)/atmel/studio/7.0/toolchain/avr8/avr8-gnu-toolchain/bin/../lib/gcc/avr/5.4.0/avr51\libgcc.a(_divmodsi4.o)
 .text.libgcc   0x00000000        0x0 c:/program files (x86)/atmel/studio/7.0/toolchain/avr8/avr8-gnu-toolchain/bin/../lib/gcc/avr/5.4.0/avr51\libgcc.a(_divmodsi4.o)
 .text.libgcc.prologue
                0x00000000        0x0 c:/program files (x86)/atmel/studio/7.0/toolchain/avr8/avr8-gnu-toolchain/bin/../lib/gcc/avr/5.4.0/avr51\libgcc.a(_divmodsi4.o)
 .text.libgcc.builtins
                0x00000000        0x0 c:/program files (x86)/atmel/studio/7.0/toolchain/avr8/avr8-gnu-toolchain/bin/../lib/gcc/avr/5.4.0/avr51\libgcc.a(_divmodsi4.o)
 .text.libgcc.fmul
                0x00000000        0x0 c:/program files (x86)/atmel/studio/7.0/toolchain/avr8/avr8-gnu-toolchain/bin/../lib/gcc/avr/5.4.0/avr51\libgcc.a(_divmodsi4.o)
 .text.libgcc.fixed
                0x00000000        0x0 c:/program files (x86)/atmel/studio/7.0/toolchain/avr8/avr8-gnu-toolchain/bin/../lib/gcc/avr/5.4.0/avr51\libgcc.a(_divmodsi4.o)
 .text          0x00000000        0x0 c:/program files (x86)/atmel/studio/7.0/toolchain/avr8/avr8-gnu-toolchain/bin/../lib/gcc/avr/5.4.0/avr51\libgcc.a(_negsi2.o)
 .data          0x00000000        0x0 c:/program files (x86)/atmel/studio/7.0/toolchain/avr8/avr8-gnu-toolchain/bin/../lib/gcc/avr/5.4.0/avr51\libgcc.a(_negsi2.o)
 .bss           0x00000000        0x0 c:/program files (x86)/atmel/studio/7.0/toolchain/avr8/avr8-gnu-toolchain/bin/../lib/gcc/avr/5.4.0/avr51\libgcc.a(_negsi2.o)
 .text.libgcc.mul
                0x00000000        0x0 c:/program files (x86)/atmel/studio/7.0/toolchain/avr8/avr8-gnu-toolchain/bin/../lib/gcc/avr/5.4.0/avr51\libgcc.a(_negsi2.o)
 .text.libgcc   0x00000000        0x0 c:/program files (x86)/atmel/studio/7.0/toolchain/avr8/avr8-gnu-toolchain/bin/../lib/gcc/avr/5.4.0/avr51\libgcc.a(_negsi2.o)
 .text.libgcc.prologue
                0x00000000        0x0 c:/program files (x86)/atmel/studio/7.0/toolchain/avr8/avr8-gnu-toolchain/bin/../lib/gcc/avr/5.4.0/avr51\libgcc.a(_negsi2.o)
 .text.libgcc.builtins
                0x00000000        0x0 c:/program files (x86)/atmel/studio/7.0/toolchain/avr8/avr8-gnu-toolchain/bin/../lib/gcc/avr/5.4.0/avr51\libgcc.a(_negsi2.o)
 .text.libgcc.fmul
                0x00000000        0x0 c:/program files (x86)/atmel/studio/7.0/toolchain/avr8/avr8-gnu-toolchain/bin/../lib/gcc/avr/5.4.0/avr51\libgcc.a(_negsi2.o)
 .text.libgcc.fixed
                0x00000000        0x0 c:/program files (x86)/atmel/studio/7.0/toolchain/avr8/avr8-gnu-toolchain/bin/../lib/gcc/avr/5.4.0/avr51\libgcc.a(_negsi2.o)
 .text          0x00000000        0x0 c:/program files (x86)/atmel/studio/7.0/toolchain/avr8/avr8-gnu-toolchain/bin/../lib/gcc/avr/5.4.0/avr51\libgcc.a(_muluhisi3.o)
 .data          0x00000000        0x0 c:/program files (x86)/atmel/studio/7.0/toolchain/avr8/avr8-gnu-toolchain/bin/../lib/gcc/avr/5.4.0/avr51\libgcc.a(_muluhisi3.o)
 .bss           0x00000000        0x0 c:/program files (x86)/atmel/studio/7.0/toolchain/avr8/avr8-gnu-toolchain/bin/../lib/gcc/avr/5.4.0/avr51\libgcc.a(_muluhisi3.o)
 .text.libgcc.div
                0x00000000        0x0 c:/program files (x86)/atmel/studio/7.0/toolchain/avr8/avr8-gnu-toolchain/bin/../lib/gcc/avr/5.4.0/avr51\libgcc.a(_muluhisi3.o)
 .text.libgcc   0x00000000        0x0 c:/program files (x86)/atmel/studio/7.0/toolchain/avr8/avr8-gnu-toolchain/bin/../lib/gcc/avr/5.4.0/avr51\libgcc.a(_muluhisi3.o)
 .text.libgcc.prologue
                0x00000000        0x0 c:/program files (x86)/atmel/studio/7.0/toolchain/avr8/avr8-gnu-toolchain/bin/../lib/gcc/avr/5.4.0/avr51\libgcc.a(_muluhisi3.o)
 .text.libgcc.builtins
                0x00000000        0x0 c:/program files (x86)/atmel/studio/7.0/toolchain/avr8/avr8-gnu-toolchain/bin/../lib/gcc/avr/5.4.0/avr51\libgcc.a(_muluhisi3.o)
 .text.libgcc.fmul
                0x00000000        0x0 c:/program files (x86)/atmel/studio/7.0/toolchain/avr8/avr8-gnu-toolchain/bin/../lib/gcc/avr/5.4.0/avr51\libgcc.a(_muluhisi3.o)
 .text.libgcc.fixed
                0x00000000        0x0 c:/program files (x86)/atmel/studio/7.0/toolchain/avr8/avr8-gnu-toolchain/bin/../lib/gcc/avr/5.4.0/avr51\libgcc.a(_muluhisi3.o)
 .text          0x00000000        0x0 c:/program files (x86)/atmel/studio/7.0/toolchain/avr8/avr8-gnu-toolchain/bin/../lib/gcc/avr/5.4.0/avr51\libgcc.a(_mulshisi3.o)
 .data          0x00000000        0x0 c:/program files (x86)/atmel/studio/7.0/toolchain/avr8/avr8-gnu-toolchain/bin/../lib/gcc/avr/5.4.0/avr51\libgcc.a(_mulshisi3.o)
 .bss           0x00000000        0x0 c:/program files (x86)/atmel/studio/7.0/toolchain/avr8/avr8-gnu-toolchain/bin/../lib/gcc/avr/5.4.0/avr51\libgcc.a(_mulshisi3.o)
 .text.libgcc.div
                0x00000000        0x0 c:/program files (x86)/atmel/studio/7.0/toolchain/avr8/avr8-gnu-toolchain/bin/../lib/gcc/avr/5.4.0/avr51\libgcc.a(_mulshisi3.o)
 .text.libgcc   0x00000000        0x0 c:/program files (x86)/atmel/studio/7.0/toolchain/avr8/avr8-gnu-toolchain/bin/../lib/gcc/avr/5.4.0/avr51\libgcc.a(_mulshisi3.o)
 .text.libgcc.prologue
                0x00000000        0x0 c:/program files (x86)/atmel/studio/7.0/toolchain/avr8/avr8-gnu-toolchain/bin/../lib/gcc/avr/5.4.0/avr51\libgcc.a(_mulshisi3.o)
 .text.libgcc.builtins
                0x00000000        0x0 c:/program files (x86)/atmel/studio/7.0/toolchain/avr8/avr8-gnu-toolchain/bin/../lib/gcc/avr/5.4.0/avr51\libgcc.a(_mulshisi3.o)
 .text.libgcc.fmul
                0x00000000        0x0 c:/program files (x86)/atmel/studio/7.0/toolchain/avr8/avr8-gnu-toolchain/bin/../lib/gcc/avr/5.4.0/avr51\libgcc.a(_mulshisi3.o)
 .text.libgcc.fixed
                0x00000000        0x0 c:/program files (x86)/atmel/studio/7.0/toolchain/avr8/avr8-gnu-toolchain/bin/../lib/gcc/avr/5.4.0/avr51\libgcc.a(_mulshisi3.o)
 .text          0x00000000        0x0 c:/program files (x86)/atmel/studio/7.0/toolchain/avr8/avr8-gnu-toolchain/bin/../lib/gcc/avr/5.4.0/avr51\libgcc.a(_udivmodsi4.o)
 .data          0x00000000        0x0 c:/program files (x86)/atmel/studio/7.0/toolchain/avr8/avr8-gnu-toolchain/bin/../lib/gcc/avr/5.4.0/avr51\libgcc.a(_udivmodsi4.o)
 .bss           0x00000000        0x0 c:/program files (x86)/atmel/studio/7.0/toolchain/avr8/avr8-gnu-toolchain/bin/../lib/gcc/avr/5.4.0/avr51\libgcc.a(_udivmodsi4.o)
 .text.libgcc.mul
                0x00000000        0x0 c:/program files (x86)/atmel/studio/7.0/toolchain/avr8/avr8-gnu-toolchain/bin/../lib/gcc/avr/5.4.0/avr51\libgcc.a(_udivmodsi4.o)
 .text.libgcc   0x00000000        0x0 c:/program files (x86)/atmel/studio/7.0/toolchain/avr8/avr8-gnu-toolchain/bin/../lib/gcc/avr/5.4.0/avr51\libgcc.a(_udivmodsi4.o)
 .text.libgcc.prologue
                0x00000000        0x0 c:/program files (x86)/atmel/studio/7.0/toolchain/avr8/avr8-gnu-toolchain/bin/../lib/gcc/avr/5.4.0/avr51\libgcc.a(_udivmodsi4.o)
 .text.libgcc.builtins
                0x00000000        0x0 c:/program files (x86)/atmel/studio/7.0/toolchain/avr8/avr8-gnu-toolchain/bin/../lib/gcc/avr/5.4.0/avr51\libgcc.a(_udivmodsi4.o)
 .text.libgcc.fmul
                0x00000000        0x0 c:/program files (x86)/atmel/studio/7.0/toolchain/avr8/avr8-gnu-toolchain/bin/../lib/gcc/avr/5.4.0/avr51\libgcc.a(_udivmodsi4.o)
 .text.libgcc.fixed
                0x00000000        0x0 c:/program files (x86)/atmel/studio/7.0/toolchain/avr8/avr8-gnu-toolchain/bin/../lib/gcc/avr/5.4.0/avr51\libgcc.a(_udivmodsi4.o)
 .text          0x00000000        0x0 c:/program files (x86)/atmel/studio/7.0/toolchain/avr8/avr8-gnu-toolchain/bin/../lib/gcc/avr/5.4.0/avr51\libgcc.a(_umulhisi3.o)
 .data          0x00000000        0x0 c:/program files (x86)/atmel/studio/7.0/toolchain/avr8/avr8-gnu-toolchain/bin/../lib/gcc/avr/5.4.0/avr51\libgcc.a(_umulhisi3.o)
 .bss           0x00000000        0x0 c:/program files (x86)/atmel/studio/7.0/toolchain/avr8/avr8-gnu-toolchain/bin/../lib/gcc/avr/5.4.0/avr51\libgcc.a(_umulhisi3.o)
 .text.libgcc.div
                0x00000000        0x0 c:/program files (x86)/atmel/studio/7.0/toolchain/avr8/avr8-gnu-toolchain/bin/../lib/gcc/avr/5.4.0/avr51\libgcc.a(_umulhisi3.o)
 .text.libgcc   0x00000000        0x0 c:/program files (x86)/atmel/studio/7.0/toolchain/avr8/avr8-gnu-toolchain/bin/../lib/gcc/avr/5.4.0/avr51\libgcc.a(_umulhisi3.o)
 .text.libgcc.prologue
                0x00000000        0x0 c:/program files (x86)/atmel/studio/7.0/toolchain/avr8/avr8-gnu-toolchain/bin/../lib/gcc/avr/5.4.0/avr51\libgcc.a(_umulhisi3.o)
 .text.libgcc.builtins
                0x00000000        0x0 c:/program files (x86)/atmel/studio/7.0/toolchain/avr8/avr8-gnu-toolchain/bin/../lib/gcc/avr/5.4.0/avr51\libgcc.a(_umulhisi3.o)
 .text.libgcc.fmul
                0x00000000        0x0 c:/program files (x86)/atmel/studio/7.0/toolchain/avr8/avr8-gnu-toolchain/bin/../lib/gcc/avr/5.4.0/avr51\libgcc.a(_umulhisi3.o)
 .text.libgcc.fixed
                0x00000000        0x0 c:/program files (x86)/atmel/studio/7.0/toolchain/avr8/avr8-gnu-toolchain/bin/../lib/gcc/avr/5.4.0/avr51\libgcc.a(_umulhisi3.o)

Memory Configuration

Name             Origin             Length             Attributes
text             0x00000000         0x00020000         xr
data             0x00800100         0x0000ff00         rw !x
eeprom           0x00810000         0x00010000         rw !x
fuse             0x00820000         0x00000003         rw !x
lock             0x00830000         0x00000400         rw !x
signature        0x00840000         0x00000400         rw !x
user_signatures  0x00850000         0x00000400         rw !x
*default*        0x00000000         0xffffffff

Linker script and memory map

Address of section .data set to 0x800100
LOAD C:/Program Files (x86)/Atmel/Studio/7.0/Packs/atmel/ATmega_DFP/1.2.132/gcc/dev/atmega1284/avr51/crtatmega1284.o
LOAD croutine.o
LOAD heap_1.o
LOAD list.o
LOAD main.o
LOAD port.o
LOAD queue.o
LOAD tasks.o
LOAD timers.o
START GROUP
LOAD c:/program files (x86)/atmel/studio/7.0/toolchain/avr8/avr8-gnu-toolchain/bin/../lib/gcc/avr/5.4.0/../../../../avr/lib/avr51\libm.a
END GROUP
START GROUP
LOAD c:/program files (x86)/atmel/studio/7.0/toolchain/avr8/avr8-gnu-toolchain/bin/../lib/gcc/avr/5.4.0/avr51\libgcc.a
LOAD c:/program files (x86)/atmel/studio/7.0/toolchain/avr8/avr8-gnu-toolchain/bin/../lib/gcc/avr/5.4.0/../../../../avr/lib/avr51\libm.a
LOAD c:/program files (x86)/atmel/studio/7.0/toolchain/avr8/avr8-gnu-toolchain/bin/../lib/gcc/avr/5.4.0/../../../../avr/lib/avr51\libc.a
LOAD C:/Program Files (x86)/Atmel/Studio/7.0/Packs/atmel/ATmega_DFP/1.2.132/gcc/dev/atmega1284/avr51\libatmega1284.a
END GROUP
                0x00020000                __TEXT_REGION_LENGTH__ = DEFINED (__TEXT_REGION_LENGTH__)?__TEXT_REGION_LENGTH__:0x20000
                0x0000ff00                __DATA_REGION_LENGTH__ = DEFINED (__DATA_REGION_LENGTH__)?__DATA_REGION_LENGTH__:0xff00
                0x00010000                __EEPROM_REGION_LENGTH__ = DEFINED (__EEPROM_REGION_LENGTH__)?__EEPROM_REGION_LENGTH__:0x10000
                [0x00000003]                __FUSE_REGION_LENGTH__ = DEFINED (__FUSE_REGION_LENGTH__)?__FUSE_REGION_LENGTH__:0x400
                0x00000400                __LOCK_REGION_LENGTH__ = DEFINED (__LOCK_REGION_LENGTH__)?__LOCK_REGION_LENGTH__:0x400
                0x00000400                __SIGNATURE_REGION_LENGTH__ = DEFINED (__SIGNATURE_REGION_LENGTH__)?__SIGNATURE_REGION_LENGTH__:0x400
                0x00000400                __USER_SIGNATURE_REGION_LENGTH__ = DEFINED (__USER_SIGNATURE_REGION_LENGTH__)?__USER_SIGNATURE_REGION_LENGTH__:0x400

.hash
 *(.hash)

.dynsym
 *(.dynsym)

.dynstr
 *(.dynstr)

.gnu.version
 *(.gnu.version)

.gnu.version_d
 *(.gnu.version_d)

.gnu.version_r
 *(.gnu.version_r)

.rel.init
 *(.rel.init)

.rela.init
 *(.rela.init)

.rel.text
 *(.rel.text)
 *(.rel.text.*)
 *(.rel.gnu.linkonce.t*)

.rela.text
 *(.rela.text)
 *(.rela.text.*)
 *(.rela.gnu.linkonce.t*)

.rel.fini
 *(.rel.fini)

.rela.fini
 *(.rela.fini)

.rel.rodata
 *(.rel.rodata)
 *(.rel.rodata.*)
 *(.rel.gnu.linkonce.r*)

.rela.rodata
 *(.rela.rodata)
 *(.rela.rodata.*)
 *(.rela.gnu.linkonce.r*)

.rel.data
 *(.rel.data)
 *(.rel.data.*)
 *(.rel.gnu.linkonce.d*)

.rela.data
 *(.rela.data)
 *(.rela.data.*)
 *(.rela.gnu.linkonce.d*)

.rel.ctors
 *(.rel.ctors)

.rela.ctors
 *(.rela.ctors)

.rel.dtors
 *(.rel.dtors)

.rela.dtors
 *(.rela.dtors)

.rel.got
 *(.rel.got)

.rela.got
 *(.rela.got)

.rel.bss
 *(.rel.bss)

.rela.bss
 *(.rela.bss)

.rel.plt
 *(.rel.plt)

.rela.plt
 *(.rela.plt)

.text           0x00000000     0x1fd6
 *(.vectors)
 .vectors       0x00000000       0x8c C:/Program Files (x86)/Atmel/Studio/7.0/Packs/atmel/ATmega_DFP/1.2.132/gcc/dev/atmega1284/avr51/crtatmega1284.o
                0x00000000                __vector_default
                0x00000000                __vectors
 *(.vectors)
 *(.progmem.gcc*)
 .progmem.gcc_sw_table.Menu_Tick
                0x0000008c       0x16 main.o
                0x000000a2                . = ALIGN (0x2)
                0x000000a2                __trampolines_start = .
 *(.trampolines)
 .trampolines   0x000000a2        0x0 linker stubs
 *(.trampolines*)
                0x000000a2                __trampolines_end = .
 *libprintf_flt.a:*(.progmem.data)
 *libc.a:*(.progmem.data)
 *(.progmem*)
                0x000000a2                . = ALIGN (0x2)
 *(.jumptables)
 *(.jumptables*)
 *(.lowtext)
 *(.lowtext*)
                0x000000a2                __ctors_start = .
 *(.ctors)
                0x000000a2                __ctors_end = .
                0x000000a2                __dtors_start = .
 *(.dtors)
                0x000000a2                __dtors_end = .
 SORT(*)(.ctors)
 SORT(*)(.dtors)
 *(.init0)
 .init0         0x000000a2        0x0 C:/Program Files (x86)/Atmel/Studio/7.0/Packs/atmel/ATmega_DFP/1.2.132/gcc/dev/atmega1284/avr51/crtatmega1284.o
                0x000000a2                __init
 *(.init0)
 *(.init1)
 *(.init1)
 *(.init2)
 .init2         0x000000a2        0xc C:/Program Files (x86)/Atmel/Studio/7.0/Packs/atmel/ATmega_DFP/1.2.132/gcc/dev/atmega1284/avr51/crtatmega1284.o
 *(.init2)
 *(.init3)
 *(.init3)
 *(.init4)
 .init4         0x000000ae       0x1a c:/program files (x86)/atmel/studio/7.0/toolchain/avr8/avr8-gnu-toolchain/bin/../lib/gcc/avr/5.4.0/avr51\libgcc.a(_copy_data.o)
                0x000000ae                __do_copy_data
 .init4         0x000000c8       0x10 c:/program files (x86)/atmel/studio/7.0/toolchain/avr8/avr8-gnu-toolchain/bin/../lib/gcc/avr/5.4.0/avr51\libgcc.a(_clear_bss.o)
                0x000000c8                __do_clear_bss
 *(.init4)
 *(.init5)
 *(.init5)
 *(.init6)
 *(.init6)
 *(.init7)
 *(.init7)
 *(.init8)
 *(.init8)
 *(.init9)
 .init9         0x000000d8        0x8 C:/Program Files (x86)/Atmel/Studio/7.0/Packs/atmel/ATmega_DFP/1.2.132/gcc/dev/atmega1284/avr51/crtatmega1284.o
 *(.init9)
 *(.text)
 .text          0x000000e0        0x2 C:/Program Files (x86)/Atmel/Studio/7.0/Packs/atmel/ATmega_DFP/1.2.132/gcc/dev/atmega1284/avr51/crtatmega1284.o
                0x000000e0                __vector_22
                0x000000e0                __vector_28
                0x000000e0                __vector_1
                0x000000e0                __vector_32
                0x000000e0                __vector_34
                0x000000e0                __vector_24
                0x000000e0                __vector_12
                0x000000e0                __bad_interrupt
                0x000000e0                __vector_6
                0x000000e0                __vector_31
                0x000000e0                __vector_3
                0x000000e0                __vector_23
                0x000000e0                __vector_30
                0x000000e0                __vector_25
                0x000000e0                __vector_11
                0x000000e0                __vector_17
                0x000000e0                __vector_19
                0x000000e0                __vector_7
                0x000000e0                __vector_27
                0x000000e0                __vector_5
                0x000000e0                __vector_33
                0x000000e0                __vector_4
                0x000000e0                __vector_9
                0x000000e0                __vector_2
                0x000000e0                __vector_21
                0x000000e0                __vector_15
                0x000000e0                __vector_29
                0x000000e0                __vector_8
                0x000000e0                __vector_26
                0x000000e0                __vector_14
                0x000000e0                __vector_10
                0x000000e0                __vector_16
                0x000000e0                __vector_18
                0x000000e0                __vector_20
                0x000000e2                . = ALIGN (0x2)
 *(.text.*)
 .text.pvPortMalloc
                0x000000e2       0x4c heap_1.o
                0x000000e2                pvPortMalloc
 .text.vPortFree
                0x0000012e        0x2 heap_1.o
                0x0000012e                vPortFree
 .text.vListInitialise
                0x00000130       0x1c list.o
                0x00000130                vListInitialise
 .text.vListInitialiseItem
                0x0000014c        0x8 list.o
                0x0000014c                vListInitialiseItem
 .text.vListInsertEnd
                0x00000154       0x4e list.o
                0x00000154                vListInsertEnd
 .text.vListInsert
                0x000001a2       0x76 list.o
                0x000001a2                vListInsert
 .text.vListRemove
                0x00000218       0x4c list.o
                0x00000218                vListRemove
 .text.initUSART
                0x00000264       0x44 main.o
                0x00000264                initUSART
 .text.USART_Flush
                0x000002a8       0x3a main.o
                0x000002a8                USART_Flush
 .text.USART_Send
                0x000002e2       0x24 main.o
                0x000002e2                USART_Send
 .text.USART_Receive
                0x00000306       0x24 main.o
                0x00000306                USART_Receive
 .text.GetKeypadKey
                0x0000032a       0xd2 main.o
                0x0000032a                GetKeypadKey
 .text.delay_ms
                0x000003fc       0x26 main.o
                0x000003fc                delay_ms
 .text.LCD_WriteCommand
                0x00000422       0x12 main.o
                0x00000422                LCD_WriteCommand
 .text.LCD_ClearScreen
                0x00000434        0x6 main.o
                0x00000434                LCD_ClearScreen
 .text.LCD_Cursor
                0x0000043a       0x10 main.o
                0x0000043a                LCD_Cursor
 .text.LCD_init
                0x0000044a       0x1e main.o
                0x0000044a                LCD_init
 .text.LCD_WriteData
                0x00000468       0x12 main.o
                0x00000468                LCD_WriteData
 .text.LCD_DisplayString
                0x0000047a       0x32 main.o
                0x0000047a                LCD_DisplayString
 .text.transmit_data
                0x000004ac       0x34 main.o
                0x000004ac                transmit_data
 .text.matrix_print
                0x000004e0       0x5a main.o
                0x000004e0                matrix_print
 .text.print_matrix
                0x0000053a       0x34 main.o
                0x0000053a                print_matrix
 .text.alter_c_string
                0x0000056e       0x9c main.o
                0x0000056e                alter_c_string
 .text.output_temp
                0x0000060a       0x40 main.o
                0x0000060a                output_temp
 .text.enter_c_string
                0x0000064a      0x1ea main.o
                0x0000064a                enter_c_string
 .text.check_password
                0x00000834       0x4a main.o
                0x00000834                check_password
 .text.output_for_user_pass_reset
                0x0000087e      0x168 main.o
                0x0000087e                output_for_user_pass_reset
 .text.generate_random_pass
                0x000009e6       0x4e main.o
                0x000009e6                generate_random_pass
 .text.Trans_Tick
                0x00000a34       0x56 main.o
                0x00000a34                Trans_Tick
 .text.TransSecTask
                0x00000a8a       0x10 main.o
                0x00000a8a                TransSecTask
 .text.TransSecPulse
                0x00000a9a       0x3e main.o
                0x00000a9a                TransSecPulse
 .text.Rec_Tick
                0x00000ad8       0x32 main.o
                0x00000ad8                Rec_Tick
 .text.RecSecTask
                0x00000b0a       0x10 main.o
                0x00000b0a                RecSecTask
 .text.RecSecPulse
                0x00000b1a       0x3e main.o
                0x00000b1a                RecSecPulse
 .text.Menu_Tick
                0x00000b58      0x536 main.o
                0x00000b58                Menu_Tick
 .text.MenuSecTask
                0x0000108e        0xe main.o
                0x0000108e                MenuSecTask
 .text.MenuSecPulse
                0x0000109c       0x3e main.o
                0x0000109c                MenuSecPulse
 .text.Sense_Tick
                0x000010da       0xf2 main.o
                0x000010da                Sense_Tick
 .text.SenseSecTask
                0x000011cc       0x10 main.o
                0x000011cc                SenseSecTask
 .text.SenseSecPulse
                0x000011dc       0x3e main.o
                0x000011dc                SenseSecPulse
 .text.Matrix_Tick
                0x0000121a       0x24 main.o
                0x0000121a                Matrix_Tick
 .text.MatrixSecTask
                0x0000123e        0xe main.o
                0x0000123e                MatrixSecTask
 .text.MatrixSecPulse
                0x0000124c       0x3e main.o
                0x0000124c                MatrixSecPulse
 .text.Buzz_Tick
                0x0000128a       0xe4 main.o
                0x0000128a                Buzz_Tick
 .text.BuzzSecTask
                0x0000136e        0xe main.o
                0x0000136e                BuzzSecTask
 .text.BuzzSecPulse
                0x0000137c       0x3e main.o
                0x0000137c                BuzzSecPulse
 .text.main     0x000013ba       0x6a main.o
                0x000013ba                main
 .text.pxPortInitialiseStack
                0x00001424       0xd8 port.o
                0x00001424                pxPortInitialiseStack
 .text.xPortStartScheduler
                0x000014fc       0x74 port.o
                0x000014fc                xPortStartScheduler
 .text.vPortYield
                0x00001570       0xb0 port.o
                0x00001570                vPortYield
 .text.vPortYieldFromTick
                0x00001620       0xb2 port.o
                0x00001620                vPortYieldFromTick
 .text.__vector_13
                0x000016d2        0x4 port.o
                0x000016d2                __vector_13
 .text.prvAddCurrentTaskToDelayedList
                0x000016d6       0x6e tasks.o
 .text.xTaskGenericCreate
                0x00001744      0x202 tasks.o
                0x00001744                xTaskGenericCreate
 .text.vTaskStartScheduler
                0x00001946       0x52 tasks.o
                0x00001946                vTaskStartScheduler
 .text.vTaskSuspendAll
                0x00001998        0xc tasks.o
                0x00001998                vTaskSuspendAll
 .text.vTaskIncrementTick
                0x000019a4      0x188 tasks.o
                0x000019a4                vTaskIncrementTick
 .text.xTaskResumeAll
                0x00001b2c      0x108 tasks.o
                0x00001b2c                xTaskResumeAll
 .text.vTaskDelay
                0x00001c34       0x38 tasks.o
                0x00001c34                vTaskDelay
 .text.prvIdleTask
                0x00001c6c       0x72 tasks.o
 .text.vTaskSwitchContext
                0x00001cde       0xd8 tasks.o
                0x00001cde                vTaskSwitchContext
 .text.libgcc.div
                0x00001db6       0x26 c:/program files (x86)/atmel/studio/7.0/toolchain/avr8/avr8-gnu-toolchain/bin/../lib/gcc/avr/5.4.0/avr51\libgcc.a(_divmodhi4.o)
                0x00001db6                _div
                0x00001db6                __divmodhi4
 .text.libgcc   0x00001ddc       0x12 c:/program files (x86)/atmel/studio/7.0/toolchain/avr8/avr8-gnu-toolchain/bin/../lib/gcc/avr/5.4.0/avr51\libgcc.a(_tablejump2.o)
                0x00001ddc                __tablejump2__
 .text.libgcc.div
                0x00001dee       0x28 c:/program files (x86)/atmel/studio/7.0/toolchain/avr8/avr8-gnu-toolchain/bin/../lib/gcc/avr/5.4.0/avr51\libgcc.a(_udivmodhi4.o)
                0x00001dee                __udivmodhi4
 .text.avr-libc
                0x00001e16       0xaa c:/program files (x86)/atmel/studio/7.0/toolchain/avr8/avr8-gnu-toolchain/bin/../lib/gcc/avr/5.4.0/../../../../avr/lib/avr51\libc.a(rand.o)
                0x00001ea2                rand_r
                0x00001ea4                rand
                0x00001eaa                srand
 .text.avr-libc
                0x00001ec0        0xe c:/program files (x86)/atmel/studio/7.0/toolchain/avr8/avr8-gnu-toolchain/bin/../lib/gcc/avr/5.4.0/../../../../avr/lib/avr51\libc.a(memset.o)
                0x00001ec0                memset
 .text.avr-libc
                0x00001ece       0x1e c:/program files (x86)/atmel/studio/7.0/toolchain/avr8/avr8-gnu-toolchain/bin/../lib/gcc/avr/5.4.0/../../../../avr/lib/avr51\libc.a(strncpy.o)
                0x00001ece                strncpy
 .text.avr-libc
                0x00001eec       0x10 C:/Program Files (x86)/Atmel/Studio/7.0/Packs/atmel/ATmega_DFP/1.2.132/gcc/dev/atmega1284/avr51\libatmega1284.a(eerd_byte.o)
                0x00001eec                eeprom_read_byte
 .text.avr-libc
                0x00001efc       0x1c C:/Program Files (x86)/Atmel/Studio/7.0/Packs/atmel/ATmega_DFP/1.2.132/gcc/dev/atmega1284/avr51\libatmega1284.a(eewr_byte.o)
                0x00001efc                eeprom_write_byte
                0x00001efe                eeprom_write_r18
 .text.libgcc.div
                0x00001f18       0x28 c:/program files (x86)/atmel/studio/7.0/toolchain/avr8/avr8-gnu-toolchain/bin/../lib/gcc/avr/5.4.0/avr51\libgcc.a(_divmodsi4.o)
                0x00001f18                __divmodsi4
 .text.libgcc.div
                0x00001f40       0x10 c:/program files (x86)/atmel/studio/7.0/toolchain/avr8/avr8-gnu-toolchain/bin/../lib/gcc/avr/5.4.0/avr51\libgcc.a(_negsi2.o)
                0x00001f40                __negsi2
 .text.libgcc.mul
                0x00001f50       0x14 c:/program files (x86)/atmel/studio/7.0/toolchain/avr8/avr8-gnu-toolchain/bin/../lib/gcc/avr/5.4.0/avr51\libgcc.a(_muluhisi3.o)
                0x00001f50                __muluhisi3
 .text.libgcc.mul
                0x00001f64        0xc c:/program files (x86)/atmel/studio/7.0/toolchain/avr8/avr8-gnu-toolchain/bin/../lib/gcc/avr/5.4.0/avr51\libgcc.a(_mulshisi3.o)
                0x00001f64                __mulshisi3
                0x00001f68                __mulohisi3
 .text.libgcc.div
                0x00001f70       0x44 c:/program files (x86)/atmel/studio/7.0/toolchain/avr8/avr8-gnu-toolchain/bin/../lib/gcc/avr/5.4.0/avr51\libgcc.a(_udivmodsi4.o)
                0x00001f70                __udivmodsi4
 .text.libgcc.mul
                0x00001fb4       0x1e c:/program files (x86)/atmel/studio/7.0/toolchain/avr8/avr8-gnu-toolchain/bin/../lib/gcc/avr/5.4.0/avr51\libgcc.a(_umulhisi3.o)
                0x00001fb4                __umulhisi3
                0x00001fd2                . = ALIGN (0x2)
 *(.fini9)
 .fini9         0x00001fd2        0x0 c:/program files (x86)/atmel/studio/7.0/toolchain/avr8/avr8-gnu-toolchain/bin/../lib/gcc/avr/5.4.0/avr51\libgcc.a(_exit.o)
                0x00001fd2                _exit
                0x00001fd2                exit
 *(.fini9)
 *(.fini8)
 *(.fini8)
 *(.fini7)
 *(.fini7)
 *(.fini6)
 *(.fini6)
 *(.fini5)
 *(.fini5)
 *(.fini4)
 *(.fini4)
 *(.fini3)
 *(.fini3)
 *(.fini2)
 *(.fini2)
 *(.fini1)
 *(.fini1)
 *(.fini0)
 .fini0         0x00001fd2        0x4 c:/program files (x86)/atmel/studio/7.0/toolchain/avr8/avr8-gnu-toolchain/bin/../lib/gcc/avr/5.4.0/avr51\libgcc.a(_exit.o)
 *(.fini0)
                0x00001fd6                _etext = .

.data           0x00800100      0x218 load address 0x00001fd6
                0x00800100                PROVIDE (__data_start, .)
 *(.data)
 .data          0x00800100        0x4 c:/program files (x86)/atmel/studio/7.0/toolchain/avr8/avr8-gnu-toolchain/bin/../lib/gcc/avr/5.4.0/../../../../avr/lib/avr51\libc.a(rand.o)
 *(.data*)
 .data.buzz_off_period
                0x00800104        0x1 main.o
                0x00800104                buzz_off_period
 .data.buzzer_low_period
                0x00800105        0x1 main.o
                0x00800105                buzzer_low_period
 .data.buzzer_hign_period
                0x00800106        0x1 main.o
                0x00800106                buzzer_hign_period
 .data.matrix_array_unlock
                0x00800107       0x80 main.o
                0x00800107                matrix_array_unlock
 .data.matrix_array_lock
                0x00800187       0x80 main.o
                0x00800187                matrix_array_lock
 .data.generated_pass
                0x00800207        0x4 main.o
                0x00800207                generated_pass
 .data.user_input
                0x0080020b        0x4 main.o
                0x0080020b                user_input
 .data.current_pass
                0x0080020f        0x4 main.o
                0x0080020f                current_pass
 .data.Disarmed_LCD_data
                0x00800213       0x20 main.o
                0x00800213                Disarmed_LCD_data
 .data.PassKey_LCD_data
                0x00800233       0x20 main.o
                0x00800233                PassKey_LCD_data
 .data.xNextTaskUnblockTime
                0x00800253        0x2 tasks.o
 *(.rodata)
 *(.rodata*)
 .rodata.str1.1
                0x00800255       0xbe main.o
 .rodata.str1.1
                0x00800313        0x5 tasks.o
 *(.gnu.linkonce.d*)
                0x00800318                . = ALIGN (0x2)
                0x00800318                _edata = .
                0x00800318                PROVIDE (__data_end, .)

.bss            0x00800318      0x654
                0x00800318                PROVIDE (__bss_start, .)
 *(.bss)
 *(.bss*)
 .bss.xNextFreeByte
                0x00800318        0x2 heap_1.o
 .bss.xHeap     0x0080031a      0x5dc heap_1.o
 .bss.ones_place
                0x008008f6        0x1 main.o
                0x008008f6                ones_place
 .bss.tens_place
                0x008008f7        0x1 main.o
                0x008008f7                tens_place
 .bss.buzzer_counter
                0x008008f8        0x1 main.o
                0x008008f8                buzzer_counter
 .bss.pass_location
                0x008008f9        0x1 main.o
                0x008008f9                pass_location
 .bss.random_count
                0x008008fa        0x2 main.o
                0x008008fa                random_count
 .bss.keypad_val
                0x008008fc        0x1 main.o
                0x008008fc                keypad_val
 .bss.sensor_trip
                0x008008fd        0x1 main.o
                0x008008fd                sensor_trip
 .bss.sensor_delay_count
                0x008008fe        0x1 main.o
                0x008008fe                sensor_delay_count
 .bss.trip_location
                0x008008ff        0x1 main.o
                0x008008ff                trip_location
 .bss.sensors_tripped
                0x00800900        0x5 main.o
                0x00800900                sensors_tripped
 .bss.mode      0x00800905        0x1 main.o
                0x00800905                mode
 .bss.data_to_send
                0x00800906        0x1 main.o
                0x00800906                data_to_send
 .bss.received_value
                0x00800907        0x1 main.o
                0x00800907                received_value
 .bss.ARM_DISARM
                0x00800908        0x1 main.o
                0x00800908                ARM_DISARM
 .bss.tmpD      0x00800909        0x1 main.o
                0x00800909                tmpD
 .bss.tmpB      0x0080090a        0x1 main.o
                0x0080090a                tmpB
 .bss.uxTaskNumber
                0x0080090b        0x1 tasks.o
 .bss.xNumOfOverflows
                0x0080090c        0x1 tasks.o
 .bss.xMissedYield
                0x0080090d        0x1 tasks.o
 .bss.uxMissedTicks
                0x0080090e        0x1 tasks.o
 .bss.uxSchedulerSuspended
                0x0080090f        0x1 tasks.o
 .bss.xSchedulerRunning
                0x00800910        0x1 tasks.o
 .bss.uxTopReadyPriority
                0x00800911        0x1 tasks.o
 .bss.uxTopUsedPriority
                0x00800912        0x1 tasks.o
 .bss.xTickCount
                0x00800913        0x2 tasks.o
 .bss.uxCurrentNumberOfTasks
                0x00800915        0x1 tasks.o
 .bss.uxTasksDeleted
                0x00800916        0x1 tasks.o
 .bss.xTasksWaitingTermination
                0x00800917        0x9 tasks.o
 .bss.xPendingReadyList
                0x00800920        0x9 tasks.o
 .bss.pxOverflowDelayedTaskList
                0x00800929        0x2 tasks.o
 .bss.pxDelayedTaskList
                0x0080092b        0x2 tasks.o
 .bss.xDelayedTaskList2
                0x0080092d        0x9 tasks.o
 .bss.xDelayedTaskList1
                0x00800936        0x9 tasks.o
 .bss.pxReadyTasksLists
                0x0080093f       0x24 tasks.o
 .bss.pxCurrentTCB
                0x00800963        0x2 tasks.o
                0x00800963                pxCurrentTCB
 *(COMMON)
 COMMON         0x00800965        0x7 main.o
                0x00800965                rec_state
                0x00800966                matrix_state
                0x00800967                trans_state
                0x00800968                menu_state
                0x00800969                temp_state
                0x0080096a                sense_state
                0x0080096b                buzzer_state
                0x0080096c                PROVIDE (__bss_end, .)
                0x00001fd6                __data_load_start = LOADADDR (.data)
                0x000021ee                __data_load_end = (__data_load_start + SIZEOF (.data))

.noinit         0x0080096c        0x0
                [!provide]                PROVIDE (__noinit_start, .)
 *(.noinit*)
                [!provide]                PROVIDE (__noinit_end, .)
                0x0080096c                _end = .
                [!provide]                PROVIDE (__heap_start, .)

.eeprom         0x00810000        0x0
 *(.eeprom*)
                0x00810000                __eeprom_end = .

.fuse
 *(.fuse)
 *(.lfuse)
 *(.hfuse)
 *(.efuse)

.lock
 *(.lock*)

.signature
 *(.signature*)

.user_signatures
 *(.user_signatures*)

.stab
 *(.stab)

.stabstr
 *(.stabstr)

.stab.excl
 *(.stab.excl)

.stab.exclstr
 *(.stab.exclstr)

.stab.index
 *(.stab.index)

.stab.indexstr
 *(.stab.indexstr)

.comment        0x00000000       0x30
 *(.comment)
 .comment       0x00000000       0x30 heap_1.o
                                 0x31 (size before relaxing)
 .comment       0x00000030       0x31 list.o
 .comment       0x00000030       0x31 main.o
 .comment       0x00000030       0x31 port.o
 .comment       0x00000030       0x31 tasks.o
 .comment       0x00000030       0x31 c:/program files (x86)/atmel/studio/7.0/toolchain/avr8/avr8-gnu-toolchain/bin/../lib/gcc/avr/5.4.0/../../../../avr/lib/avr51\libc.a(rand.o)

.note.gnu.avr.deviceinfo
                0x00000000       0x40
 .note.gnu.avr.deviceinfo
                0x00000000       0x40 C:/Program Files (x86)/Atmel/Studio/7.0/Packs/atmel/ATmega_DFP/1.2.132/gcc/dev/atmega1284/avr51/crtatmega1284.o

.note.gnu.build-id
 *(.note.gnu.build-id)

.debug
 *(.debug)

.line
 *(.line)

.debug_srcinfo
 *(.debug_srcinfo)

.debug_sfnames
 *(.debug_sfnames)

.debug_aranges  0x00000000      0x388
 *(.debug_aranges)
 .debug_aranges
                0x00000000       0x38 heap_1.o
 .debug_aranges
                0x00000038       0x40 list.o
 .debug_aranges
                0x00000078      0x1d0 main.o
 .debug_aranges
                0x00000248       0x48 port.o
 .debug_aranges
                0x00000290       0xb8 tasks.o
 .debug_aranges
                0x00000348       0x20 C:/Program Files (x86)/Atmel/Studio/7.0/Packs/atmel/ATmega_DFP/1.2.132/gcc/dev/atmega1284/avr51\libatmega1284.a(eerd_byte.o)
 .debug_aranges
                0x00000368       0x20 C:/Program Files (x86)/Atmel/Studio/7.0/Packs/atmel/ATmega_DFP/1.2.132/gcc/dev/atmega1284/avr51\libatmega1284.a(eewr_byte.o)

.debug_pubnames
 *(.debug_pubnames)

.debug_info     0x00000000     0x3d36
 *(.debug_info .gnu.linkonce.wi.*)
 .debug_info    0x00000000      0x792 C:/Program Files (x86)/Atmel/Studio/7.0/Packs/atmel/ATmega_DFP/1.2.132/gcc/dev/atmega1284/avr51/crtatmega1284.o
 .debug_info    0x00000792      0x1a7 heap_1.o
 .debug_info    0x00000939      0x2c1 list.o
 .debug_info    0x00000bfa     0x1c4e main.o
 .debug_info    0x00002848      0x23e port.o
 .debug_info    0x00002a86     0x1156 tasks.o
 .debug_info    0x00003bdc       0xad C:/Program Files (x86)/Atmel/Studio/7.0/Packs/atmel/ATmega_DFP/1.2.132/gcc/dev/atmega1284/avr51\libatmega1284.a(eerd_byte.o)
 .debug_info    0x00003c89       0xad C:/Program Files (x86)/Atmel/Studio/7.0/Packs/atmel/ATmega_DFP/1.2.132/gcc/dev/atmega1284/avr51\libatmega1284.a(eewr_byte.o)

.debug_abbrev   0x00000000     0x109a
 *(.debug_abbrev)
 .debug_abbrev  0x00000000      0x729 C:/Program Files (x86)/Atmel/Studio/7.0/Packs/atmel/ATmega_DFP/1.2.132/gcc/dev/atmega1284/avr51/crtatmega1284.o
 .debug_abbrev  0x00000729      0x136 heap_1.o
 .debug_abbrev  0x0000085f       0xf6 list.o
 .debug_abbrev  0x00000955      0x310 main.o
 .debug_abbrev  0x00000c65      0x155 port.o
 .debug_abbrev  0x00000dba      0x2b8 tasks.o
 .debug_abbrev  0x00001072       0x14 C:/Program Files (x86)/Atmel/Studio/7.0/Packs/atmel/ATmega_DFP/1.2.132/gcc/dev/atmega1284/avr51\libatmega1284.a(eerd_byte.o)
 .debug_abbrev  0x00001086       0x14 C:/Program Files (x86)/Atmel/Studio/7.0/Packs/atmel/ATmega_DFP/1.2.132/gcc/dev/atmega1284/avr51\libatmega1284.a(eewr_byte.o)

.debug_line     0x00000000     0x2a1b
 *(.debug_line .debug_line.* .debug_line_end)
 .debug_line    0x00000000      0x169 C:/Program Files (x86)/Atmel/Studio/7.0/Packs/atmel/ATmega_DFP/1.2.132/gcc/dev/atmega1284/avr51/crtatmega1284.o
 .debug_line    0x00000169      0x18b heap_1.o
 .debug_line    0x000002f4      0x22b list.o
 .debug_line    0x0000051f     0x178c main.o
 .debug_line    0x00001cab      0x34a port.o
 .debug_line    0x00001ff5      0x90e tasks.o
 .debug_line    0x00002903       0x7a C:/Program Files (x86)/Atmel/Studio/7.0/Packs/atmel/ATmega_DFP/1.2.132/gcc/dev/atmega1284/avr51\libatmega1284.a(eerd_byte.o)
 .debug_line    0x0000297d       0x9e C:/Program Files (x86)/Atmel/Studio/7.0/Packs/atmel/ATmega_DFP/1.2.132/gcc/dev/atmega1284/avr51\libatmega1284.a(eewr_byte.o)

.debug_frame    0x00000000      0x898
 *(.debug_frame)
 .debug_frame   0x00000000       0x60 heap_1.o
 .debug_frame   0x00000060       0x7c list.o
 .debug_frame   0x000000dc      0x4d8 main.o
 .debug_frame   0x000005b4       0x74 port.o
 .debug_frame   0x00000628      0x270 tasks.o

.debug_str      0x00000000     0x1328
 *(.debug_str)
 .debug_str     0x00000000      0x296 C:/Program Files (x86)/Atmel/Studio/7.0/Packs/atmel/ATmega_DFP/1.2.132/gcc/dev/atmega1284/avr51/crtatmega1284.o
 .debug_str     0x00000296      0x24a heap_1.o
                                0x283 (size before relaxing)
 .debug_str     0x000004e0      0x137 list.o
                                0x2eb (size before relaxing)
 .debug_str     0x00000617      0x6e6 main.o
                                0x90b (size before relaxing)
 .debug_str     0x00000cfd      0x10a port.o
                                0x2e9 (size before relaxing)
 .debug_str     0x00000e07      0x521 tasks.o
                                0x8e3 (size before relaxing)

.debug_loc      0x00000000     0x20df
 *(.debug_loc)
 .debug_loc     0x00000000       0xf1 heap_1.o
 .debug_loc     0x000000f1       0xfe list.o
 .debug_loc     0x000001ef      0xfcd main.o
 .debug_loc     0x000011bc      0x2a0 port.o
 .debug_loc     0x0000145c      0xc83 tasks.o

.debug_macinfo
 *(.debug_macinfo)

.debug_weaknames
 *(.debug_weaknames)

.debug_funcnames
 *(.debug_funcnames)

.debug_typenames
 *(.debug_typenames)

.debug_varnames
 *(.debug_varnames)

.debug_pubtypes
 *(.debug_pubtypes)

.debug_ranges   0x00000000      0x340
 *(.debug_ranges)
 .debug_ranges  0x00000000       0x28 heap_1.o
 .debug_ranges  0x00000028       0x30 list.o
 .debug_ranges  0x00000058      0x1c0 main.o
 .debug_ranges  0x00000218       0x38 port.o
 .debug_ranges  0x00000250       0xf0 tasks.o

.debug_macro
 *(.debug_macro)
OUTPUT(CHIP_1_Control_System.elf elf32-avr)
LOAD linker stubs
